
> portfoliio@0.0.0 build
> vite build

[36mrolldown-vite v7.2.5 [32mbuilding client environment for production...[36m[39m
npm : [33mWarning: 
Invalid output 
options (1 issue 
found)
At line:1 char:1
+ npm run build > 
build_output.txt 
2>&1; type 
build_output.txt
+ ~~~~~~~~~~~~~~~~~~~
~~~~~~~~~~~~~~~~~~
    + CategoryInfo   
           : NotSpe  
  cified: ([33mWa   
 rning: I...(1 is    
sue found):Strin    
g) [], RemoteExc    
eption
    + FullyQualified 
   ErrorId : Native  
  CommandError
 
- For the 
"manualChunks". 
Invalid type: 
Expected Function 
but received Object. 
[0m
[2K
transforming...Γ£ô 464 modules transformed.
<anonymous_script>:0


TypeError: 
manualChunks is not 
a function
    at name (file:///
E:/Portfolio/node_mod
ules/rolldown/dist/sh
ared/src-CYkh2Ybc.mjs
:4278:10)
    at name (file:///
E:/Portfolio/node_mod
ules/rolldown/dist/sh
ared/src-CYkh2Ybc.mjs
:4288:53)

Node.js v20.19.4
